# XviD 2pass stat file (core version 1.4.-127)
# Please do not modify this file

i 2 920 0 0 2596 2596
p 2 0 0 920 137 137
p 2 0 0 920 137 137
p 2 0 0 920 137 137
p 2 0 0 920 137 137
p 2 0 0 920 137 137
p 2 0 0 920 137 137
p 2 0 0 920 137 137
p 2 0 0 920 137 137
p 2 0 0 920 137 137
p 2 0 0 920 137 137
p 2 0 0 920 137 137
p 2 0 0 920 137 137
p 2 0 0 920 137 137
p 2 0 0 920 137 137
p 2 0 0 920 137 137
p 2 0 0 920 137 137
p 2 0 0 920 137 137
p 2 0 0 920 137 137
p 2 0 0 920 137 137
p 2 0 0 920 137 137
p 2 0 0 920 137 137
p 2 0 0 920 137 137
p 2 0 0 920 137 137
i 2 920 0 0 27503 3386
p 2 0 386 534 865 532
p 2 0 436 484 505 487
p 2 0 270 650 397 367
p 2 0 234 686 324 313
p 2 0 210 710 334 302
p 2 0 201 719 313 294
p 2 0 143 777 264 250
p 2 0 133 787 241 235
p 2 0 165 755 279 266
p 2 0 150 770 259 252
p 2 0 121 799 236 229
p 2 0 95 825 215 211
p 2 0 111 809 243 225
p 2 0 103 817 224 217
p 2 0 251 669 7173 467
p 2 0 288 632 639 371
p 2 0 208 712 368 299
p 2 0 154 766 263 253
p 2 0 121 799 256 232
p 2 0 46 874 192 177
p 2 0 102 818 247 216
p 2 0 42 878 195 173
p 2 0 102 818 249 217
p 2 0 101 819 231 213
p 2 0 89 831 255 208
p 2 0 211 709 7308 433
p 2 0 187 733 587 301
p 2 0 53 867 244 185
p 2 0 52 868 222 181
p 2 0 21 899 163 155
p 2 0 67 853 201 188
p 2 0 37 883 190 170
p 2 0 16 904 162 151
p 2 0 56 864 183 177
p 2 0 26 894 185 160
p 2 0 31 889 165 162
p 2 0 21 899 167 156
p 2 0 229 691 6868 448
p 2 0 212 708 599 317
p 2 0 123 797 318 235
p 2 0 179 741 368 279
p 2 0 77 843 240 197
p 2 0 56 864 221 184
p 2 0 34 886 196 168
p 2 0 91 829 269 211
p 2 0 44 876 189 172
p 2 0 41 879 192 171
p 2 0 41 879 187 171
p 2 0 166 754 7372 404
p 2 0 147 773 600 278
p 2 0 58 862 286 190
p 2 0 35 885 213 168
p 2 0 103 817 282 221
p 2 0 25 895 188 160
p 2 0 28 892 190 161
p 2 0 54 866 218 180
p 2 0 31 889 193 164
p 2 0 18 902 167 153
p 2 0 15 905 166 151
p 2 0 43 877 178 169
p 2 0 233 687 6954 453
p 2 0 219 701 622 326
p 2 0 190 730 433 294
p 2 0 130 790 322 240
p 2 0 148 772 325 251
p 2 0 169 751 322 265
p 2 0 52 868 210 180
p 2 0 47 873 199 177
p 2 0 106 814 232 213
p 2 0 54 866 215 180
p 2 0 34 886 208 169
p 2 0 219 701 7396 442
p 2 0 122 798 586 257
p 2 0 98 822 348 224
p 2 0 128 792 293 238
p 2 0 153 767 302 252
p 2 0 77 843 263 203
p 2 0 80 840 233 200
p 2 0 44 876 182 171
p 2 0 26 894 179 160
p 2 0 27 893 179 161
p 2 0 39 881 204 169
p 2 0 19 901 168 154
p 2 0 199 721 6915 428
p 2 0 161 759 583 279
p 2 0 149 771 347 256
p 2 0 74 846 263 203
p 2 0 98 822 281 218
p 2 0 138 782 315 245
p 2 0 39 881 207 170
p 2 0 109 811 253 219
p 2 0 19 901 170 153
p 2 0 18 902 162 154
p 2 0 105 815 245 213
p 2 0 163 757 7373 404
p 2 0 113 807 527 246
p 2 0 68 852 334 200
p 2 0 54 866 272 188
p 2 0 77 843 256 200
p 2 0 52 868 230 179
p 2 0 43 877 222 175
p 2 0 75 845 244 195
p 2 0 25 895 184 160
p 2 0 20 900 177 155
p 2 0 57 863 197 181
p 2 4 195 721 10704 524
p 2 0 102 818 463 239
p 2 0 75 845 275 205
p 2 0 34 886 195 168
p 2 0 103 817 249 215
p 2 0 119 801 262 231
p 2 0 125 795 273 233
p 2 0 41 879 199 172
p 2 0 56 864 210 180
p 2 0 112 808 265 224
p 2 0 20 900 188 157
p 2 1 156 763 9972 445
p 2 0 101 819 464 239
p 2 0 60 860 252 190
p 2 0 31 889 185 164
p 2 0 28 892 179 161
p 2 0 45 875 195 173
p 2 0 17 903 162 153
p 2 0 12 908 151 148
p 2 0 41 879 191 170
p 2 0 14 906 165 150
p 2 0 23 897 183 156
p 2 0 29 891 182 163
p 2 5 217 698 10501 512
p 2 0 102 818 492 239
p 2 0 114 806 355 233
p 2 0 49 871 247 182
p 2 0 36 884 224 170
p 2 0 66 854 256 195
p 2 0 40 880 205 171
p 2 0 20 900 180 155
p 2 0 19 901 169 154
p 2 0 32 888 185 163
p 2 0 42 878 223 175
p 2 7 173 740 9183 466
p 2 0 98 822 444 234
p 2 0 63 857 320 198
p 2 0 45 875 241 179
p 2 0 54 866 255 188
p 2 0 39 881 230 174
p 2 0 62 858 245 190
p 2 0 46 874 232 179
p 2 0 37 883 206 169
p 2 0 30 890 203 164
p 2 0 34 886 197 167
p 2 0 28 892 192 163
p 2 6 166 748 11868 518
p 2 0 113 807 508 248
p 2 0 60 860 276 196
p 2 0 48 872 223 179
p 2 0 45 875 224 178
p 2 0 42 878 221 174
p 2 0 41 879 227 175
p 2 0 37 883 210 170
p 2 0 34 886 207 168
p 2 0 48 872 232 180
p 2 0 33 887 207 169
p 2 11 257 652 12132 605
p 2 0 167 753 586 293
p 2 0 58 862 276 192
p 2 0 62 858 229 185
p 2 0 40 880 220 174
p 2 0 78 842 223 195
p 2 0 34 886 235 168
p 2 0 46 874 233 177
p 2 0 90 830 260 205
p 2 0 41 879 237 174
p 2 0 45 875 238 178
p 2 0 47 873 245 179
p 2 11 119 790 5618 389
p 2 0 125 795 432 255
p 2 0 141 779 303 254
p 2 0 50 870 199 180
p 2 0 48 872 202 176
p 2 0 43 877 212 175
p 2 0 57 863 219 183
p 2 0 129 791 273 234
p 2 0 56 864 223 185
p 2 0 42 878 220 175
p 2 0 58 862 225 186
p 2 0 48 872 199 177
p 2 0 37 883 195 167
p 2 0 23 897 182 157
p 2 0 90 830 234 206
p 2 0 108 812 233 219
p 2 0 109 811 256 219
p 2 0 84 836 227 204
p 2 0 43 877 179 169
p 2 0 20 900 166 155
p 2 0 40 880 181 169
p 2 0 62 858 206 185
p 2 0 28 892 171 159
p 2 6 221 693 11300 521
p 2 0 166 754 648 295
p 2 0 154 766 394 265
p 2 0 96 824 291 216
p 2 0 104 816 285 219
p 2 0 103 817 296 224
p 2 0 135 785 302 242
p 2 0 104 816 249 214
p 2 0 65 855 222 186
p 2 0 45 875 201 177
p 2 0 73 847 233 195
p 2 5 163 752 9298 474
p 2 0 163 757 610 286
p 2 0 69 851 309 203
p 2 0 51 869 236 183
p 2 0 124 796 296 235
p 2 0 58 862 244 187
p 2 0 104 816 242 212
p 2 0 36 884 200 167
p 2 0 35 885 202 169
p 2 0 45 875 220 175
p 2 0 19 901 177 154
p 2 0 82 838 214 195
p 2 6 224 690 11061 514
p 2 0 173 747 613 297
p 2 0 98 822 303 218
p 2 0 98 822 275 218
p 2 0 85 835 233 202
p 2 0 107 813 271 218
p 2 0 113 807 301 228
p 2 0 105 815 271 217
p 2 0 119 801 284 225
p 2 0 121 799 299 231
p 2 0 106 814 274 219
p 2 4 200 716 9578 506
p 2 0 176 744 609 299
p 2 0 61 859 246 192
p 2 0 30 890 195 165
p 2 0 51 869 213 181
p 2 0 26 894 186 159
p 2 0 45 875 235 176
p 2 0 62 858 275 192
p 2 0 38 882 226 173
p 2 0 44 876 228 175
p 2 0 48 872 240 181
p 2 0 45 875 234 177
p 2 6 160 754 11016 467
p 2 0 124 796 580 262
p 2 0 45 875 247 180
p 2 0 83 837 259 205
p 2 0 61 859 229 188
p 2 0 28 892 188 165
p 2 0 330 590 1178 450
p 2 0 108 812 347 230
p 2 0 36 884 202 169
p 2 0 91 829 232 203
p 2 0 34 886 176 166
p 2 6 243 671 9476 537
p 2 0 133 787 600 265
p 2 0 98 822 320 223
p 2 0 78 842 261 201
p 2 0 77 843 299 209
p 2 0 35 885 214 169
p 2 0 62 858 252 191
p 2 0 86 834 257 205
p 2 0 94 826 237 204
p 2 0 34 886 197 168
p 2 0 68 852 207 186
p 2 0 37 883 212 171
p 2 6 294 620 11120 565
p 2 0 172 748 608 298
p 2 0 121 799 396 243
p 2 0 58 862 274 191
p 2 0 88 832 293 213
p 2 0 89 831 287 209
p 2 0 93 827 330 224
p 2 0 66 854 278 197
p 2 0 60 860 280 193
p 2 0 87 833 277 209
p 2 0 48 872 203 174
p 2 5 168 747 9410 484
p 2 0 137 783 600 270
p 2 0 82 838 286 208
p 2 0 139 781 284 241
p 2 0 70 850 224 192
p 2 0 80 840 256 201
p 2 0 103 817 303 220
p 2 0 89 831 265 209
p 2 0 114 806 266 226
p 2 0 47 873 239 182
p 2 0 44 876 222 177
p 2 0 44 876 215 174
p 2 1 168 751 5534 370
p 2 0 139 781 454 254
p 2 0 67 853 283 197
p 2 0 54 866 247 185
p 2 0 63 857 214 187
p 2 0 34 886 193 166
p 2 0 56 864 234 184
p 2 0 117 803 277 225
p 2 0 79 841 229 199
p 2 0 67 853 234 189
p 2 0 100 820 249 211
p 2 0 20 900 175 155
p 2 0 40 880 218 173
p 2 0 118 802 263 225
p 2 0 67 853 212 187
p 2 0 65 855 213 184
p 2 0 32 888 195 165
p 2 0 40 880 192 170
p 2 0 46 874 188 171
p 2 0 266 654 9732 485
p 2 0 112 808 555 243
p 2 0 116 804 391 235
p 2 0 58 862 277 191
p 2 1 262 657 8826 493
p 2 0 134 786 624 266
p 2 0 77 843 317 207
p 2 0 76 844 301 206
p 2 0 39 881 215 172
p 2 0 48 872 250 181
p 2 0 79 841 273 203
p 2 3 230 687 10347 524
p 2 0 189 731 656 310
p 2 0 70 850 265 197
p 2 0 58 862 262 191
p 2 1 257 662 8818 461
p 2 0 207 713 610 312
p 2 0 168 752 381 265
p 2 0 106 814 314 225
p 2 0 50 870 252 184
p 2 0 33 887 222 168
p 2 0 75 845 274 202
p 2 0 128 792 283 231
p 2 0 45 875 248 178
p 2 0 133 787 310 241
p 2 0 95 825 280 213
p 2 0 138 782 333 248
p 2 17 206 697 13685 650
p 2 0 193 727 598 319
p 2 0 75 845 270 204
p 2 0 53 867 269 187
p 2 0 63 857 260 196
p 2 10 251 659 13318 618
p 2 0 136 784 628 277
p 2 0 79 841 337 213
p 2 0 49 871 260 183
p 2 0 116 804 321 234
p 2 13 157 750 8338 496
p 2 0 117 803 502 254
p 2 0 84 836 331 220
p 2 0 147 773 340 254
p 2 0 107 813 300 225
p 2 0 59 861 266 192
p 2 13 260 647 8832 599
p 2 0 161 759 549 298
p 2 0 141 779 390 264
p 2 0 67 853 234 195
p 2 0 59 861 253 193
p 2 0 68 852 242 195
p 2 0 180 740 8745 435
p 2 0 112 808 492 249
p 2 0 60 860 298 195
p 2 0 95 825 276 219
p 2 0 84 836 262 204
p 2 0 66 854 259 194
p 2 0 55 865 229 184
p 2 0 125 795 288 237
p 2 0 94 826 249 209
p 2 0 52 868 230 182
p 2 0 99 821 265 218
i 2 920 0 0 38168 3759
p 2 0 305 615 684 440
p 2 0 319 601 409 391
p 2 0 196 724 352 313
p 2 0 209 711 314 298
p 2 0 106 814 234 225
p 2 0 102 818 223 216
p 2 0 65 855 201 191
p 2 0 104 816 237 220
p 2 0 16 904 154 152
p 2 0 77 843 211 201
p 2 0 16 904 157 152
p 2 210 204 506 15315 1489
p 2 0 274 646 631 400
p 2 0 248 672 409 343
p 2 0 171 749 313 276
p 2 0 112 808 265 233
p 2 0 88 832 259 210
p 2 0 167 753 312 266
p 2 0 77 843 249 201
p 2 0 72 848 234 196
p 2 0 106 814 281 230
p 2 0 80 840 221 200
p 2 0 27 893 185 162
p 2 0 67 853 222 192
p 2 0 45 875 205 177
p 2 0 85 835 244 208
p 2 0 37 883 194 170
p 2 0 90 830 252 209
p 2 0 82 838 237 203
p 2 0 57 863 234 190
p 2 0 33 887 194 167
p 2 0 62 858 229 193
p 2 0 63 857 216 189
p 2 0 84 836 232 201
p 2 0 92 828 4975 271
p 2 0 84 836 362 219
p 2 0 40 880 238 174
p 2 0 68 852 247 194
p 2 0 86 834 246 207
p 2 0 58 862 223 184
p 2 0 40 880 212 176
p 2 0 74 846 236 199
p 2 0 31 889 198 165
p 2 0 43 877 203 174
p 2 0 92 828 229 207
p 2 2 92 826 4009 280
p 2 0 79 841 344 216
p 2 0 80 840 261 213
p 2 0 55 865 216 186
p 2 0 58 862 227 187
p 2 0 53 867 198 184
p 2 0 72 848 216 195
p 2 0 44 876 223 179
p 2 0 58 862 207 186
p 2 0 71 849 209 190
p 2 0 79 841 218 199
p 2 0 35 885 189 171
p 2 0 87 833 4835 260
p 2 0 66 854 347 204
p 2 0 93 827 261 212
p 2 0 50 870 214 178
p 2 0 53 867 224 181
p 2 0 78 842 228 201
p 2 0 50 870 205 179
p 2 0 58 862 216 186
p 2 0 61 859 221 189
p 2 0 21 899 181 157
p 2 0 25 895 182 159
p 2 2 118 800 4101 298
p 2 0 89 831 317 224
p 2 0 38 882 201 173
p 2 0 45 875 198 175
p 2 0 87 833 226 201
p 2 0 30 890 184 164
p 2 0 42 878 201 176
p 2 0 86 834 219 202
p 2 0 102 818 240 213
p 2 0 40 880 192 173
p 2 0 38 882 180 166
p 2 0 68 852 202 188
p 2 0 82 838 4825 260
p 2 0 71 849 316 200
p 2 0 47 873 231 180
p 2 0 72 848 230 194
p 2 0 100 820 232 211
p 2 0 65 855 224 189
p 2 0 38 882 193 171
p 2 0 49 871 199 177
p 2 0 79 841 237 199
p 2 0 53 867 206 181
p 2 0 16 904 162 151
p 2 0 35 885 182 165
p 2 0 38 882 181 170
p 2 0 47 873 198 175
p 2 0 31 889 193 165
p 2 0 101 819 231 213
p 2 0 52 868 191 175
p 2 0 18 902 168 153
p 2 0 97 823 238 212
p 2 0 34 886 191 167
p 2 0 55 865 208 182
p 2 0 88 832 228 209
p 2 0 22 898 175 156
p 2 6 109 805 5865 330
p 2 0 104 816 406 237
p 2 0 51 869 225 183
p 2 0 55 865 240 185
p 2 0 61 859 235 189
p 2 0 42 878 217 174
p 2 0 102 818 4594 260
p 2 0 56 864 332 190
p 2 0 30 890 209 165
p 2 0 33 887 191 166
p 2 0 30 890 186 164
p 2 0 36 884 209 170
p 2 3 90 827 4109 259
p 2 0 72 848 371 205
p 2 0 59 861 226 185
p 2 0 53 867 221 179
p 2 0 33 887 202 166
p 2 0 100 820 242 212
p 2 0 24 896 189 158
p 2 0 143 777 277 244
p 2 0 86 834 217 204
p 2 0 14 906 163 150
p 2 0 66 854 196 185
p 2 4 122 794 6023 345
p 2 0 82 838 367 217
p 2 0 59 861 231 189
p 2 0 36 884 196 168
p 2 0 261 659 836 382
p 2 0 147 773 4490 299
p 2 0 199 721 443 296
p 2 0 153 767 318 255
p 2 0 63 857 218 186
p 2 0 99 821 253 212
p 2 0 125 795 274 230
p 2 6 143 771 4034 315
p 2 0 62 858 317 194
p 2 0 56 864 248 185
p 2 0 69 851 233 190
p 2 0 45 875 190 172
p 2 0 69 851 226 192
p 2 0 44 876 204 174
p 2 0 61 859 187 180
p 2 0 20 900 166 153
p 2 0 51 869 192 177
p 2 0 23 897 173 156
p 2 0 35 885 191 167
p 2 0 183 737 5940 347
p 2 0 64 856 336 198
p 2 0 57 863 243 187
p 2 0 144 776 294 245
p 2 0 60 860 230 188
p 2 0 83 837 261 203
p 2 0 87 833 225 202
p 2 0 26 894 178 159
p 2 0 22 898 174 157
p 2 0 28 892 177 161
p 2 0 22 898 174 157
p 2 12 196 712 7913 454
p 2 0 105 815 446 234
p 2 0 125 795 305 235
p 2 0 34 886 221 170
p 2 0 145 775 286 248
p 2 0 32 888 200 166
p 2 0 117 803 254 221
p 2 0 76 844 218 196
p 2 0 62 858 225 185
p 2 0 16 904 166 152
p 2 0 57 863 207 183
p 2 0 35 885 177 164
p 2 5 235 680 6754 455
p 2 0 69 851 347 203
p 2 0 84 836 269 207
p 2 0 66 854 235 194
p 2 0 94 826 235 207
p 2 0 78 842 251 198
p 2 0 88 832 245 206
p 2 0 63 857 221 190
p 2 0 26 894 188 161
p 2 0 58 862 215 186
p 2 0 79 841 233 198
p 2 0 31 889 174 162
p 2 0 67 853 221 191
p 2 0 99 821 233 211
p 2 0 33 887 188 165
p 2 0 101 819 234 213
p 2 0 83 837 224 201
p 2 7 162 751 6675 392
p 2 0 138 782 474 256
p 2 0 70 850 250 194
p 2 0 72 848 224 192
p 2 0 44 876 214 173
p 2 0 40 880 212 172
p 2 0 149 771 4259 309
p 2 0 162 758 436 271
p 2 0 46 874 262 180
p 2 0 136 784 284 240
p 2 0 88 832 271 210
p 2 0 82 838 265 208
p 2 0 53 867 213 181
p 2 0 94 826 270 213
p 2 0 191 729 343 283
p 2 0 67 853 205 185
p 2 0 66 854 207 187
p 2 1 117 802 3674 289
p 2 0 59 861 300 189
p 2 0 95 825 264 212
p 2 0 87 833 234 204
p 2 0 24 896 179 158
p 2 0 59 861 218 182
p 2 0 72 848 229 196
p 2 0 89 831 223 203
p 2 0 20 900 168 154
p 2 0 55 865 210 180
p 2 0 26 894 174 158
p 2 0 205 715 4146 334
p 2 0 69 851 307 198
p 2 0 47 873 197 176
p 2 0 69 851 219 190
p 2 0 85 835 209 198
p 2 0 58 862 210 180
p 2 0 42 878 192 169
p 2 0 137 783 246 232
p 2 0 60 860 201 182
p 2 0 70 850 210 191
p 2 0 80 840 226 199
p 2 1 199 720 3747 336
p 2 0 83 837 335 208
p 2 0 79 841 232 197
p 2 0 39 881 194 168
p 2 0 37 883 181 164
p 2 0 36 884 176 163
p 2 0 12 908 157 147
p 2 0 68 852 196 184
p 2 19 195 706 14593 669
p 2 0 164 756 620 296
p 2 0 168 752 405 278
p 2 0 97 823 285 218
p 2 6 203 711 14473 616
p 2 0 180 740 571 302
p 2 0 92 828 319 225
p 2 0 77 843 277 203
p 2 0 68 852 262 198
p 2 0 75 845 262 201
p 2 0 178 742 318 263
p 2 0 38 882 208 171
p 2 0 130 790 294 235
p 2 0 90 830 252 205
p 2 0 115 805 253 221
p 2 0 74 846 254 198
p 2 0 87 833 256 203
p 2 0 20 900 178 154
p 2 0 102 818 254 214
p 2 0 39 881 187 167
p 2 0 99 821 242 210
p 2 0 73 847 232 196
p 2 0 93 827 244 207
p 2 14 168 738 14703 629
p 2 0 189 731 624 310
p 2 0 70 850 273 199
p 2 0 67 853 280 200
p 2 13 264 643 13800 696
p 2 0 181 739 601 306
p 2 0 162 758 394 267
p 2 0 158 762 346 263
p 2 0 81 839 247 202
p 2 0 124 796 281 231
p 2 0 104 816 273 218
p 2 0 37 883 215 170
p 2 0 42 878 208 173
p 2 0 94 826 266 211
p 2 0 68 852 222 190
p 2 0 91 829 246 208
p 2 0 67 853 215 189
p 2 0 47 873 193 173
p 2 0 63 857 221 186
p 2 0 104 816 241 213
p 2 0 83 837 235 199
p 2 0 131 789 286 238
p 2 0 120 800 266 226
p 2 1 254 665 10658 534
p 2 0 149 771 597 277
p 2 0 84 836 287 209
p 2 0 50 870 252 182
p 2 2 115 803 2187 281
p 2 0 62 858 292 197
p 2 0 172 748 359 272
p 2 0 67 853 236 191
p 2 0 85 835 256 205
p 2 0 31 889 191 163
p 2 0 182 738 323 273
p 2 0 60 860 228 190
p 2 0 97 823 263 215
p 2 0 66 854 214 186
p 2 0 37 883 212 170
p 2 0 47 873 219 178
p 2 0 52 868 205 178
p 2 0 42 878 202 171
p 2 0 111 809 252 219
p 2 0 41 879 193 170
p 2 0 98 822 220 205
p 2 0 34 886 196 167
p 2 0 48 872 224 181
p 2 0 138 782 271 239
p 2 0 22 898 177 156
p 2 0 60 860 205 183
p 2 0 67 853 205 187
p 2 0 111 809 233 216
p 2 0 109 811 249 219
p 2 0 94 826 223 207
p 2 0 34 886 173 162
p 2 0 54 866 208 179
p 2 0 64 856 200 189
p 2 0 57 863 182 176
p 2 0 89 831 223 203
p 2 0 134 786 257 234
p 2 0 120 800 242 225
p 2 0 51 869 189 173
p 2 0 90 830 222 209
p 2 0 87 833 216 201
p 2 0 66 854 199 185
p 2 0 68 852 200 190
p 2 0 55 865 187 176
p 2 0 70 850 199 187
p 2 0 79 841 202 196
p 2 0 20 900 166 155
p 2 0 63 857 209 186
p 2 0 88 832 220 205
p 2 0 34 886 172 164
p 2 0 17 903 156 150
p 2 2 162 756 3172 314
p 2 0 130 790 329 241
p 2 0 133 787 290 234
p 2 0 48 872 194 176
p 2 0 81 839 222 194
p 2 2 62 856 2544 253
p 2 0 122 798 320 239
p 2 0 42 878 204 172
p 2 0 40 880 187 168
p 2 0 26 894 182 160
p 2 0 29 891 185 164
p 2 1 78 841 2858 251
p 2 0 88 832 299 206
p 2 0 28 892 199 163
p 2 0 75 845 203 194
p 2 0 66 854 204 188
p 2 0 78 842 204 192
p 2 2 163 755 3020 326
p 2 0 57 863 283 190
p 2 0 44 876 198 172
p 2 0 31 889 171 162
p 2 0 46 874 201 175
p 2 0 31 889 190 163
p 2 2 210 708 7704 431
p 2 0 140 780 446 256
p 2 0 75 845 290 203
p 2 0 90 830 255 209
p 2 0 46 874 224 178
p 2 0 37 883 203 170
p 2 0 54 866 222 183
p 2 0 87 833 241 207
p 2 0 38 882 208 171
p 2 0 88 832 242 202
p 2 0 80 840 226 199
p 2 211 261 448 25072 1709
p 2 0 202 718 538 313
p 2 0 108 812 265 225
p 2 0 59 861 202 186
p 2 0 30 890 187 164
p 2 0 36 884 179 169
p 2 0 41 879 204 174
p 2 0 20 900 171 155
p 2 0 18 902 162 151
p 2 0 64 856 221 191
p 2 0 84 836 212 198
p 2 0 36 884 191 167
i 2 920 0 0 26078 3367
p 2 0 386 534 797 519
p 2 0 430 490 485 467
p 2 2 298 620 2788 438
p 2 0 306 614 464 373
p 2 0 212 708 335 300
p 2 0 221 699 352 312
p 2 0 137 783 258 242
p 2 0 126 794 262 237
p 2 0 83 837 229 206
p 2 0 87 833 215 206
p 2 3 246 671 11848 563
p 2 0 192 728 551 307
p 2 0 69 851 270 202
p 2 1 164 755 2347 292
p 2 0 148 772 356 256
p 2 0 132 788 311 244
p 2 0 92 828 298 216
p 2 0 92 828 298 215
p 2 0 89 831 260 210
p 2 0 204 716 391 297
p 2 0 75 845 265 202
p 2 3 225 692 11425 549
p 2 0 138 782 537 273
p 2 0 112 808 302 228
p 2 0 136 784 2073 270
p 2 0 154 766 356 260
p 2 0 84 836 265 208
p 2 0 66 854 204 186
p 2 0 44 876 199 177
p 2 10 233 677 9515 527
p 2 0 132 788 498 264
p 2 0 76 844 280 204
p 2 1 79 840 3404 253
p 2 0 102 818 341 230
p 2 0 54 866 220 182
p 2 0 86 834 241 205
p 2 0 132 788 301 241
p 2 0 91 829 249 210
p 2 0 44 876 200 172
p 2 0 31 889 196 164
p 2 0 43 877 204 174
p 2 0 79 841 226 198
p 2 0 30 890 185 163
p 2 0 31 889 180 163
p 2 2 211 707 9029 469
p 2 0 135 785 508 264
p 2 0 78 842 281 207
p 2 2 113 805 2604 263
p 2 0 108 812 333 226
p 2 0 74 846 274 202
p 2 0 75 845 241 198
p 2 0 41 879 216 174
p 2 0 64 856 237 190
p 2 0 40 880 209 173
p 2 0 38 882 182 167
p 2 4 189 727 11718 529
p 2 0 122 798 538 263
p 2 0 55 865 265 190
p 2 2 90 828 2296 243
p 2 0 57 863 278 191
p 2 0 49 871 258 181
p 2 0 56 864 261 188
p 2 0 51 869 235 181
p 2 0 57 863 240 186
p 2 0 89 831 292 215
p 2 0 56 864 235 188
p 2 0 26 894 182 160
p 2 2 242 676 11546 558
p 2 0 267 653 644 367
p 2 0 95 825 307 224
p 2 1 93 826 1990 246
p 2 0 113 807 343 228
p 2 0 36 884 222 172
p 2 0 70 850 225 193
p 2 0 30 890 198 165
p 2 10 215 695 9742 511
p 2 0 114 806 488 248
p 2 0 59 861 271 191
p 2 1 123 796 3305 279
p 2 0 66 854 320 202
p 2 0 47 873 237 180
p 2 0 60 860 243 192
p 2 0 32 888 189 166
p 2 0 42 878 222 175
p 2 0 66 854 246 195
p 2 0 37 883 200 169
p 2 0 49 871 221 178
p 2 0 64 856 254 195
p 2 0 52 868 224 183
p 2 0 20 900 162 153
p 2 18 225 677 13887 676
p 2 0 160 760 554 296
p 2 0 50 870 251 184
p 2 0 33 887 194 166
p 2 0 44 876 230 178
p 2 0 44 876 251 178
p 2 0 43 877 235 177
p 2 0 29 891 200 163
p 2 0 52 868 256 186
p 2 0 42 878 232 176
p 2 0 13 907 165 148
p 2 8 202 710 9465 516
p 2 0 145 775 588 285
p 2 0 74 846 295 207
p 2 0 45 875 205 179
p 2 0 37 883 188 169
p 2 0 93 827 261 210
p 2 0 57 863 242 187
p 2 0 57 863 222 184
p 2 0 42 878 232 176
p 2 0 43 877 235 179
p 2 0 21 899 175 156
p 2 0 37 883 183 168
p 2 9 235 676 11209 539
p 2 0 144 776 564 283
p 2 0 85 835 292 212
p 2 0 50 870 234 182
p 2 0 45 875 248 178
p 2 0 59 861 273 190
p 2 0 43 877 236 177
p 2 0 32 888 205 167
p 2 0 52 868 249 183
p 2 0 30 890 210 164
p 2 0 21 899 178 155
p 2 6 210 704 9261 515
p 2 0 138 782 552 277
p 2 0 68 852 268 200
p 2 0 79 841 286 207
p 2 0 60 860 249 191
p 2 0 62 858 243 190
p 2 0 39 881 206 171
p 2 0 47 873 213 179
p 2 0 41 879 208 173
p 2 0 40 880 179 168
p 2 0 47 873 188 174
p 2 14 244 662 11095 574
p 2 0 118 802 510 255
p 2 0 69 851 276 199
p 2 0 42 878 186 168
p 2 0 43 877 246 177
p 2 0 55 865 254 187
p 2 0 37 883 217 170
p 2 0 36 884 211 170
p 2 0 77 843 260 203
p 2 0 43 877 231 177
p 2 0 25 895 190 160
p 2 10 246 664 9207 555
p 2 0 132 788 535 267
p 2 0 116 804 298 231
p 2 0 51 869 220 183
p 2 0 37 883 193 169
p 2 0 36 884 214 170
p 2 0 68 852 275 196
p 2 0 31 889 204 165
p 2 0 22 898 185 158
p 2 0 45 875 214 177
p 2 0 33 887 203 166
p 2 0 14 906 161 150
p 2 9 239 672 11183 534
p 2 0 189 731 572 304
p 2 0 53 867 258 187
p 2 0 52 868 236 183
p 2 0 23 897 181 158
p 2 0 40 880 224 174
p 2 0 60 860 273 192
p 2 0 36 884 208 169
p 2 0 35 885 207 169
p 2 0 56 864 241 185
p 2 0 29 891 207 164
p 2 7 231 682 9257 535
p 2 0 113 807 529 257
p 2 0 74 846 295 205
p 2 0 36 884 205 171
p 2 0 36 884 191 169
p 2 0 58 862 249 189
p 2 0 60 860 225 186
p 2 0 41 879 216 174
p 2 21 184 715 12531 649
p 2 0 203 717 552 322
p 2 0 56 864 246 188
p 2 0 56 864 217 185
p 2 22 195 703 12427 669
p 2 0 119 801 495 256
p 2 0 66 854 286 199
p 2 0 78 842 280 208
p 2 0 30 890 199 165
p 2 0 136 784 286 239
p 2 0 57 863 233 187
p 2 0 62 858 227 186
p 2 0 47 873 239 180
p 2 0 42 878 213 174
p 2 0 53 867 232 181
p 2 0 36 884 209 170
p 2 0 51 869 227 182
p 2 0 30 890 192 162
p 2 0 89 831 247 206
p 2 0 45 875 205 177
p 2 0 27 893 186 161
p 2 0 62 858 220 187
p 2 0 74 846 227 196
p 2 33 185 702 13912 749
p 2 0 108 812 486 251
p 2 0 65 855 267 195
p 2 0 109 811 294 227
p 2 16 216 688 12921 679
p 2 0 183 737 624 314
p 2 0 104 816 329 233
p 2 0 57 863 261 193
p 2 0 40 880 207 173
p 2 0 30 890 190 164
p 2 0 35 885 202 170
p 2 0 61 859 214 187
p 2 0 59 861 254 193
p 2 0 31 889 212 167
p 2 0 36 884 213 171
p 2 0 40 880 206 174
p 2 0 8 912 151 144
p 2 0 15 905 160 151
p 2 0 15 905 156 149
p 2 0 18 902 173 154
p 2 0 17 903 169 153
p 2 14 250 656 14807 706
p 2 0 105 815 542 256
p 2 0 106 814 307 227
p 2 0 47 873 250 183
p 2 0 46 874 240 181
p 2 0 49 871 243 183
p 2 0 97 823 3910 267
p 2 0 134 786 429 250
p 2 0 64 856 291 199
p 2 0 37 883 232 170
p 2 0 44 876 224 177
p 2 0 48 872 234 179
p 2 2 88 830 4303 269
p 2 0 104 816 377 231
p 2 0 68 852 282 199
p 2 0 100 820 298 219
p 2 0 256 664 888 385
p 2 0 135 785 355 246
p 2 0 101 819 3613 262
p 2 0 161 759 404 264
p 2 0 50 870 218 178
p 2 0 72 848 225 192
p 2 0 44 876 220 176
p 2 2 129 789 4283 294
p 2 0 165 755 394 269
p 2 0 44 876 213 173
p 2 0 88 832 239 204
p 2 0 55 865 207 181
p 2 0 73 847 227 192
p 2 0 120 800 3525 274
p 2 0 90 830 340 219
p 2 0 35 885 224 169
p 2 0 53 867 229 179
p 2 0 34 886 204 169
p 2 0 27 893 187 161
p 2 0 45 875 209 175
p 2 0 34 886 195 168
p 2 0 42 878 208 172
p 2 0 30 890 193 165
p 2 0 46 874 224 179
p 2 0 27 893 184 162
p 2 0 32 888 198 166
p 2 0 29 891 190 163
p 2 0 13 907 157 148
p 2 0 33 887 172 163
p 2 0 17 903 163 152
p 2 71 238 611 15765 952
p 2 0 209 711 553 345
p 2 0 133 787 305 248
p 2 0 97 823 276 226
p 2 0 48 872 204 177
p 2 0 74 846 253 201
p 2 10 166 744 9757 519
p 2 0 132 788 521 264
p 2 0 59 861 259 191
p 2 0 61 859 271 195
p 2 0 80 840 254 203
p 2 0 25 895 186 161
p 2 0 21 899 171 156
p 2 0 62 858 240 188
p 2 0 46 874 215 174
p 2 0 23 897 193 156
p 2 0 43 877 226 176
p 2 0 57 863 215 183
p 2 0 64 856 232 187
p 2 0 40 880 223 174
p 2 0 53 867 237 187
p 2 0 31 889 200 165
p 2 0 54 866 220 182
p 2 0 44 876 201 176
p 2 0 114 806 256 222
p 2 0 75 845 242 197
p 2 0 77 843 231 197
p 2 0 35 885 191 165
p 2 0 38 882 206 170
p 2 0 76 844 221 199
p 2 0 36 884 177 167
p 2 0 32 888 197 166
p 2 0 55 865 211 184
p 2 0 21 899 177 156
p 2 0 39 881 220 173
p 2 0 47 873 202 176
p 2 0 22 898 167 156
p 2 0 116 804 255 224
p 2 0 82 838 212 197
p 2 0 48 872 197 172
p 2 0 22 898 171 155
p 2 0 56 864 198 181
p 2 9 142 769 7940 490
p 2 0 124 796 426 261
p 2 0 67 853 283 198
p 2 0 48 872 229 183
p 2 0 42 878 211 175
p 2 0 20 900 165 156
p 2 0 15 905 169 151
p 2 0 45 875 189 172
p 2 0 25 895 179 160
p 2 0 52 868 220 179
p 2 10 149 761 9504 494
p 2 0 107 813 473 241
p 2 0 37 883 231 172
p 2 0 51 869 210 181
p 2 0 63 857 199 182
p 2 0 41 879 189 170
p 2 0 28 892 182 163
p 2 0 73 847 223 198
p 2 0 56 864 194 181
p 2 0 55 865 194 180
p 2 0 114 806 258 225
p 2 0 65 855 199 184
p 2 9 163 748 7942 511
p 2 0 133 787 475 269
p 2 0 81 839 253 204
p 2 0 53 867 226 185
p 2 0 68 852 225 193
p 2 0 29 891 190 164
p 2 0 56 864 217 184
p 2 0 35 885 184 170
p 2 0 30 890 199 165
p 2 0 52 868 226 184
p 2 0 46 874 197 175
p 2 10 133 777 9493 477
p 2 0 92 828 437 231
p 2 0 53 867 241 186
p 2 0 37 883 204 172
p 2 0 70 850 236 193
p 2 0 31 889 191 165
p 2 0 26 894 187 160
p 2 0 28 892 194 162
p 2 0 40 880 209 173
p 2 0 29 891 192 163
p 2 0 28 892 186 162
p 2 0 91 829 236 205
p 2 0 27 893 182 160
p 2 0 25 895 201 160
p 2 0 105 815 235 219
p 2 0 43 877 201 172
p 2 0 53 867 205 179
p 2 0 96 824 230 208
p 2 0 82 838 204 194
p 2 0 18 902 163 153
p 2 0 16 904 158 150
p 2 0 14 906 155 150
p 2 59 248 613 14449 925
p 2 0 226 694 618 350
p 2 0 99 821 298 229
p 2 0 77 843 259 206
p 2 0 73 847 251 203
p 2 0 36 884 187 169
p 2 0 102 818 234 212
p 2 0 66 854 221 190
p 2 0 62 858 203 183
p 2 0 27 893 174 161
p 2 0 31 889 175 163
p 2 24 253 643 15676 738
p 2 0 138 782 566 278
p 2 0 175 745 355 274
p 2 0 45 875 206 178
p 2 0 124 796 302 236
p 2 0 51 869 240 184
p 2 11 177 732 7380 451
p 2 0 74 846 384 215
p 2 0 56 864 254 190
p 2 0 44 876 230 179
p 2 0 19 901 174 155
p 2 0 68 852 224 191
p 2 28 229 663 14749 741
p 2 0 241 679 621 355
p 2 0 141 779 381 264
p 2 0 156 764 328 264
p 2 0 129 791 292 240
p 2 9 257 654 13557 635
p 2 0 177 743 628 306
p 2 0 216 704 484 311
p 2 0 76 844 317 207
p 2 0 78 842 327 210
p 2 0 83 837 287 206
p 2 11 266 643 12546 658
p 2 0 208 712 582 324
p 2 0 165 755 324 268
p 2 0 59 861 216 184
p 2 0 151 769 345 258
p 2 0 51 869 237 182
p 2 11 183 726 13329 583
p 2 0 133 787 601 279
p 2 0 88 832 289 216
p 2 0 30 890 195 165
p 2 0 37 883 189 170
p 2 0 48 872 237 180
p 2 54 191 675 14521 828
p 2 0 162 758 531 300
p 2 0 57 863 248 191
p 2 0 39 881 215 174
p 2 0 44 876 220 177
p 2 0 34 886 190 168
p 2 0 20 900 169 155
p 2 0 33 887 205 169
p 2 0 14 906 161 150
p 2 0 27 893 192 162
p 2 0 30 890 182 164
p 2 32 182 706 15757 729
p 2 0 131 789 595 283
p 2 0 130 790 365 249
p 2 0 58 862 273 193
p 2 0 63 857 274 196
p 2 0 61 859 274 196
p 2 15 97 808 7268 402
p 2 0 94 826 457 236
p 2 0 57 863 252 189
p 2 0 32 888 206 167
p 2 0 95 825 266 218
p 2 0 28 892 185 162
p 2 26 194 700 14095 701
p 2 0 199 721 547 314
p 2 0 92 828 267 217
p 2 0 85 835 227 203
p 2 0 79 841 262 205
p 2 0 61 859 253 191
p 2 9 217 694 13695 613
p 2 0 189 731 605 313
p 2 0 107 813 367 233
p 2 0 68 852 286 199
p 2 0 48 872 243 180
p 2 0 63 857 248 191
p 2 9 181 730 12539 573
p 2 0 151 769 545 281
p 2 0 112 808 292 227
p 2 0 79 841 218 198
p 2 0 58 862 268 191
p 2 0 105 815 282 222
p 2 10 256 654 13812 659
p 2 0 206 714 646 330
p 2 0 88 832 284 213
p 2 0 89 831 245 210
p 2 0 54 866 234 187
p 2 57 275 588 15848 929
p 2 0 172 748 550 303
p 2 0 138 782 345 256
p 2 0 128 792 277 239
p 2 0 130 790 290 239
p 2 0 96 824 266 215
p 2 0 120 800 260 226
p 2 0 197 723 8892 448
p 2 0 157 763 587 283
p 2 0 157 763 353 259
p 2 0 75 845 320 206
p 2 14 299 607 14044 726
p 2 0 135 785 577 279
p 2 0 172 748 406 281
p 2 0 121 799 327 239
p 2 0 48 872 238 181
p 2 0 46 874 221 176
p 2 0 142 778 315 249
p 2 0 85 835 251 205
p 2 0 167 753 8321 430
p 2 0 136 784 609 272
p 2 0 67 853 290 201
p 2 0 72 848 306 203
p 2 75 196 649 12466 899
p 2 0 115 805 430 257
p 2 0 54 866 227 189
p 2 0 54 866 218 186
p 2 0 32 888 181 165
p 2 0 42 878 220 176
p 2 0 47 873 224 180
p 2 0 169 751 6122 416
p 2 0 419 501 1277 518
p 2 0 220 700 417 314
p 2 0 174 746 310 268
p 2 16 270 634 12228 694
p 2 0 276 644 646 383
p 2 0 102 818 290 226
p 2 0 122 798 316 242
p 2 0 80 840 255 205
p 2 0 120 800 269 230
p 2 0 157 763 316 256
p 2 0 106 814 259 219
p 2 0 194 726 6905 456
p 2 0 193 727 571 305
p 2 0 82 838 291 211
p 2 0 85 835 298 214
p 2 4 229 687 10721 628
p 2 0 169 751 582 304
p 2 0 161 759 397 273
p 2 0 56 864 249 191
p 2 0 145 775 323 254
p 2 0 129 791 308 242
p 2 0 101 819 244 213
p 2 0 190 730 6960 453
p 2 0 168 752 524 286
p 2 0 161 759 367 267
p 2 0 88 832 295 213
p 2 75 171 674 14543 895
p 2 0 118 802 471 262
p 2 0 106 814 313 233
p 2 0 79 841 254 204
p 2 0 55 865 224 184
p 2 0 46 874 238 180
p 2 0 60 860 226 187
p 2 0 22 898 178 157
p 2 1 177 742 8724 439
p 2 0 124 796 560 259
p 2 0 76 844 300 205
p 2 0 57 863 278 189
p 2 18 178 724 15587 667
p 2 0 132 788 571 272
p 2 0 75 845 309 209
p 2 0 63 857 277 199
p 2 0 57 863 246 188
p 2 0 41 879 223 173
p 2 0 67 853 263 198
p 2 0 37 883 223 170
p 2 0 27 893 182 161
p 2 0 25 895 180 160
p 2 0 19 901 160 152
p 2 0 31 889 204 166
p 2 65 172 683 14631 886
p 2 3 145 772 1074 307
p 2 2 106 812 2005 262
p 2 2 167 751 3206 328
p 2 1 138 781 3610 328
p 2 5 222 693 3648 414
p 2 5 180 735 3607 368
p 2 1 193 726 3628 349
p 2 0 166 754 3547 334
p 2 0 176 744 1275 311
p 2 0 173 747 1528 318
p 2 6 442 472 14659 746
p 2 0 249 671 790 367
p 2 0 239 681 499 329
p 2 0 100 820 359 227
p 2 0 170 750 363 269
p 2 0 114 806 294 225
p 2 0 205 715 406 295
p 2 0 83 837 286 211
p 2 0 92 828 243 206
p 2 0 32 888 194 167
p 2 0 91 829 225 204
p 2 8 287 625 12525 654
p 2 2 191 727 2197 358
p 2 9 153 758 2737 360
p 2 7 185 728 3272 390
p 2 6 115 799 3413 342
p 2 8 122 790 3192 349
p 2 4 110 806 3359 327
p 2 1 157 762 3187 339
p 2 1 96 823 1146 254
p 2 0 98 822 1440 256
p 2 0 124 796 1394 277
p 2 0 99 821 1124 244
p 2 6 253 661 17216 646
p 2 0 204 716 779 335
p 2 0 142 778 335 250
p 2 0 85 835 273 208
p 2 0 102 818 283 221
p 2 0 114 806 265 221
p 2 0 23 897 173 156
p 2 0 130 790 264 230
p 2 0 96 824 228 207
p 2 0 129 791 327 235
p 2 0 122 798 279 228
p 2 10 235 675 15036 675
p 2 3 204 713 2488 378
p 2 5 132 783 3237 334
p 2 5 105 810 3438 311
p 2 5 106 809 3412 309
p 2 4 169 747 3742 361
p 2 5 138 777 3435 344
p 2 3 137 780 3372 323
p 2 2 92 826 1105 258
p 2 1 97 822 1579 254
p 2 0 80 840 1288 226
p 2 0 103 817 1184 236
p 2 7 321 592 19048 730
p 2 0 186 734 865 325
p 2 0 91 829 370 223
p 2 0 72 848 262 198
p 2 0 108 812 269 218
p 2 0 31 889 189 164
p 2 0 43 877 203 177
p 2 0 43 877 197 172
p 2 0 96 824 232 208
p 2 0 94 826 294 213
p 2 0 55 865 241 187
p 2 5 268 647 16862 694
p 2 5 179 736 2364 360
p 2 6 128 786 2743 329
p 2 9 158 753 2825 366
p 2 7 154 759 2739 349
p 2 5 101 814 2826 310
p 2 6 144 770 2818 338
p 2 0 157 763 2819 320
p 2 0 123 797 726 264
p 2 0 157 763 1125 287
p 2 0 142 778 970 276
p 2 0 93 827 931 228
p 2 8 293 619 21300 751
p 2 0 299 621 1015 413
p 2 0 133 787 361 249
p 2 0 53 867 237 186
p 2 0 106 814 284 222
p 2 0 118 802 283 228
p 2 0 21 899 178 155
p 2 0 101 819 248 215
p 2 0 21 899 174 155
p 2 0 60 860 265 191
p 2 0 41 879 221 173
p 2 5 258 657 17898 718
p 2 0 187 733 803 326
p 2 0 109 811 370 239
p 2 0 59 861 229 188
p 2 0 79 841 253 204
p 2 0 88 832 250 205
p 2 0 28 892 189 163
p 2 0 132 788 253 229
p 2 0 35 885 206 169
p 2 0 12 908 160 148
p 2 0 35 885 213 167
p 2 5 216 699 11871 507
p 2 0 141 779 670 277
p 2 0 86 834 389 216
p 2 0 71 849 323 202
p 2 0 85 835 287 209
p 2 0 71 849 286 199
p 2 0 65 855 282 195
p 2 0 49 871 254 180
p 2 0 85 835 307 210
p 2 0 99 821 287 216
p 2 0 72 848 274 197
p 2 0 90 830 294 212
p 2 0 48 872 231 179
p 2 0 39 881 230 171
p 2 0 84 836 299 208
p 2 0 52 868 249 183
p 2 0 57 863 249 188
p 2 0 57 863 258 188
p 2 0 17 903 165 151
p 2 0 268 652 16731 591
p 2 0 192 728 879 329
p 2 0 117 803 474 249
p 2 0 98 822 356 227
p 2 1 283 636 15511 602
p 2 0 199 721 884 332
p 2 0 128 792 481 258
p 2 0 80 840 343 211
p 2 0 72 848 312 203
p 2 0 83 837 329 212
p 2 0 96 824 336 220
p 2 0 39 881 214 172
p 2 4 342 574 18373 745
p 2 0 261 659 972 380
p 2 0 191 729 609 311
p 2 0 110 810 393 237
p 2 1 347 572 15922 642
p 2 0 236 684 965 367
p 2 0 212 708 601 323
p 2 0 150 770 485 267
p 2 0 150 770 473 271
p 2 0 112 808 367 232
p 2 0 140 780 377 250
p 2 0 99 821 316 220
p 2 0 96 824 333 218
p 2 0 91 829 335 220
p 2 0 86 834 302 209
p 2 19 250 651 23333 868
p 2 0 222 698 891 364
p 2 0 107 813 396 242
p 2 0 54 866 224 188
p 2 0 156 764 382 265
p 2 0 97 823 316 220
p 2 21 302 597 21353 811
p 2 0 171 749 805 312
p 2 0 106 814 385 233
p 2 0 55 865 264 187
p 2 0 112 808 400 235
p 2 20 232 668 15861 678
p 2 0 195 725 780 330
p 2 0 120 800 416 247
p 2 0 79 841 316 211
p 2 0 70 850 303 205
p 2 0 86 834 330 215
p 2 23 295 602 15731 791
p 2 0 242 678 794 375
p 2 0 158 762 416 282
p 2 0 75 845 260 204
p 2 0 88 832 333 216
p 2 0 99 821 324 225
p 2 1 311 608 14904 638
p 2 0 183 737 746 320
p 2 0 113 807 437 243
p 2 0 82 838 333 213
p 2 0 68 852 297 201
p 2 0 65 855 299 197
p 2 0 47 873 245 179
p 2 0 85 835 318 210
p 2 0 52 868 238 186
p 2 0 54 866 257 185
p 2 0 53 867 263 186
p 2 0 48 872 227 181
p 2 0 59 861 282 190
p 2 0 75 845 306 203
p 2 0 65 855 268 193
p 2 0 52 868 254 184
p 2 0 80 840 292 207
p 2 7 205 708 13976 571
p 2 0 144 776 660 291
p 2 0 80 840 314 214
p 2 0 67 853 273 201
p 2 0 34 886 200 168
p 2 0 53 867 255 186
p 2 27 269 624 22787 923
p 2 0 179 741 787 326
p 2 0 95 825 396 227
p 2 0 194 726 472 301
p 2 0 109 811 352 234
p 2 0 70 850 284 201
p 2 0 309 611 1219 449
p 2 0 138 782 365 255
p 2 0 54 866 236 184
p 2 0 87 833 245 210
p 2 0 13 907 154 148
p 2 0 12 908 157 147
p 2 0 33 887 190 167
p 2 0 41 879 191 171
p 2 0 67 853 202 190
p 2 0 16 904 168 151
p 2 23 272 625 21656 891
p 2 0 204 716 797 354
p 2 0 103 817 318 233
p 2 0 60 860 237 191
p 2 0 124 796 384 244
p 2 0 86 834 324 217
p 2 0 73 847 276 203
p 2 26 325 569 22947 979
p 2 0 200 720 868 346
p 2 0 140 780 447 263
p 2 0 91 829 354 223
p 2 0 119 801 379 243
p 2 0 101 819 365 230
p 2 0 111 809 363 237
p 2 0 99 821 352 227
p 2 0 102 818 359 229
p 2 0 74 846 277 202
p 2 0 105 815 329 230
p 2 0 87 833 297 215
p 2 0 63 857 282 195
p 2 0 80 840 314 214
p 2 0 87 833 313 213
p 2 22 269 629 21922 901
p 2 0 259 661 839 396
p 2 0 118 802 391 250
p 2 0 48 872 236 183
p 2 0 94 826 228 209
p 2 0 72 848 310 205
p 2 0 81 839 293 208
p 2 0 64 856 246 193
p 2 29 265 626 22473 935
p 2 0 251 669 893 391
p 2 0 102 818 399 235
p 2 0 103 817 384 234
p 2 0 84 836 343 218
p 2 0 131 789 389 251
p 2 0 71 849 306 203
p 2 0 73 847 312 205
p 2 0 79 841 306 211
p 2 0 62 858 270 193
p 2 0 80 840 281 205
p 2 0 58 862 229 185
p 2 0 62 858 233 187
p 2 0 78 842 290 206
p 2 0 68 852 247 195
p 2 21 282 617 21614 893
p 2 0 233 687 796 359
p 2 0 101 819 376 235
p 2 0 51 869 238 185
p 2 0 41 879 201 176
p 2 0 69 851 279 198
p 2 0 65 855 268 196
p 2 0 53 867 232 184
p 2 29 269 622 22679 958
p 2 0 173 747 735 319
p 2 0 133 787 444 261
p 2 0 72 848 284 203
p 2 0 66 854 267 200
p 2 0 94 826 341 226
p 2 0 59 861 270 192
p 2 0 51 869 260 183
p 2 0 81 839 308 214
p 2 0 42 878 234 175
p 2 0 24 896 196 159
p 2 0 75 845 304 206
p 2 0 62 858 274 194
p 2 0 32 888 197 165
p 2 0 35 885 207 170
p 2 18 317 585 21952 909
p 2 0 202 718 796 352
p 2 0 126 794 390 255
p 2 0 113 807 296 231
p 2 0 59 861 205 184
p 2 0 126 794 261 230
p 2 0 23 897 175 158
p 2 0 145 775 325 248
p 2 30 278 612 22408 949
p 2 0 273 647 920 401
p 2 0 80 840 365 213
p 2 0 119 801 382 243
p 2 0 59 861 297 192
p 2 0 63 857 283 195
p 2 0 85 835 303 212
p 2 0 57 863 284 189
p 2 0 50 870 261 182
p 2 0 65 855 313 197
p 2 0 57 863 270 190
p 2 0 57 863 258 188
p 2 0 65 855 279 195
p 2 0 55 865 256 187
p 2 22 259 639 21548 890
p 2 0 194 726 806 344
p 2 0 126 794 397 252
p 2 0 79 841 261 206
p 2 0 37 883 200 173
p 2 0 87 833 336 218
p 2 0 61 859 253 190
p 2 0 46 874 222 179
p 2 25 256 639 22857 927
p 2 0 196 724 818 339
p 2 0 113 807 422 243
p 2 0 72 848 275 202
p 2 0 46 874 243 179
p 2 0 78 842 333 211
p 2 0 72 848 293 203
p 2 0 55 865 262 187
p 2 0 66 854 285 197
p 2 0 66 854 294 200
p 2 0 51 869 242 183
p 2 0 64 856 293 196
p 2 0 51 869 249 184
p 2 0 84 836 236 202
p 2 0 15 905 165 151
p 2 19 277 624 21710 878
p 2 0 237 683 811 384
p 2 0 121 799 407 255
p 2 0 96 824 306 224
p 2 0 121 799 357 245
p 2 0 70 850 299 204
p 2 0 100 820 347 226
p 2 0 90 830 350 221
p 2 26 299 595 22014 910
p 2 0 176 744 756 319
p 2 0 138 782 394 259
p 2 0 136 784 282 238
p 2 0 31 889 207 165
p 2 0 76 844 307 207
p 2 0 70 850 310 202
p 2 0 67 853 282 200
p 2 17 267 636 21366 846
p 2 0 179 741 786 329
p 2 0 130 790 490 264
p 2 0 118 802 424 248
p 2 27 263 630 21492 890
p 2 0 233 687 843 372
p 2 0 124 796 393 253
p 2 0 56 864 234 188
p 2 0 85 835 311 217
p 2 0 68 852 274 198
p 2 0 64 856 285 198
p 2 15 348 557 21424 890
p 2 0 265 655 859 398
p 2 0 245 675 595 355
p 2 0 71 849 306 204
p 2 26 271 623 22204 891
p 2 0 205 715 796 343
p 2 0 95 825 348 227
p 2 0 49 871 241 183
p 2 0 70 850 299 203
p 2 0 68 852 291 201
p 2 0 77 843 289 208
p 2 16 314 590 21459 868
p 2 0 177 743 807 328
p 2 0 118 802 399 250
p 2 0 85 835 333 219
p 2 26 249 645 21322 875
p 2 0 188 732 800 336
p 2 0 107 813 376 239
p 2 0 63 857 249 192
p 2 0 67 853 284 198
p 2 0 61 859 283 193
p 2 0 73 847 264 199
p 2 16 308 596 23654 906
p 2 0 193 727 833 342
p 2 0 165 755 426 277
p 2 0 97 823 296 220
p 2 0 105 815 397 234
p 2 17 256 647 19108 762
p 2 0 196 724 879 339
p 2 0 109 811 446 243
p 2 0 90 830 370 221
p 2 0 72 848 316 205
p 2 0 76 844 317 208
p 2 29 256 635 13952 725
p 2 0 233 687 769 363
p 2 0 145 775 376 272
p 2 0 136 784 354 260
p 2 0 73 847 272 205
p 2 13 270 637 17631 775
p 2 0 202 718 749 353
p 2 0 83 837 303 217
p 2 0 58 862 225 190
p 2 0 104 816 379 236
p 2 0 82 838 317 215
p 2 25 223 672 17526 730
p 2 0 179 741 711 313
p 2 0 62 858 272 197
p 2 0 46 874 219 178
p 2 0 29 891 185 164
p 2 0 19 901 168 155
p 2 31 237 652 25222 897
p 2 0 267 653 957 387
p 2 0 88 832 372 218
p 2 0 164 756 454 274
p 2 1 176 743 10667 464
p 2 0 124 796 571 263
p 2 0 120 800 384 238
p 2 0 127 793 340 240
p 2 0 81 839 305 207
p 2 0 67 853 295 198
p 2 0 72 848 307 202
p 2 5 147 768 9258 449
p 2 0 179 741 561 290
p 2 0 76 844 311 208
p 2 0 51 869 250 183
p 2 1 170 749 10276 453
p 2 0 125 795 557 259
p 2 0 100 820 367 226
p 2 0 81 839 344 212
p 2 0 71 849 308 201
p 2 0 80 840 290 206
p 2 0 79 841 330 209
p 2 0 66 854 281 196
p 2 16 321 583 20932 894
p 2 0 223 697 873 369
p 2 0 124 796 382 252
p 2 0 104 816 391 236
p 2 0 92 828 356 226
p 2 1 252 667 17970 664
p 2 0 178 742 814 326
p 2 0 127 793 453 262
p 2 0 134 786 359 252
p 2 0 90 830 353 225
p 2 0 70 850 308 203
p 2 7 267 646 18907 727
p 2 0 202 718 830 338
p 2 0 122 798 404 249
p 2 0 46 874 238 181
p 2 0 86 834 343 217
p 2 0 77 843 296 208
p 2 8 291 621 17154 690
p 2 0 155 765 659 292
p 2 0 113 807 432 247
p 2 0 68 852 295 199
p 2 0 60 860 278 191
p 2 0 70 850 295 201
p 2 9 261 650 21933 770
p 2 0 194 726 813 333
p 2 0 89 831 359 222
p 2 0 107 813 316 224
p 2 0 345 575 1503 492
p 2 0 190 730 454 298
p 2 0 51 869 208 176
p 2 0 96 824 228 209
p 2 0 44 876 203 175
p 2 0 23 897 166 157
p 2 0 46 874 206 176
p 2 0 96 824 2718 265
p 2 0 69 851 367 205
p 2 0 53 867 2716 230
p 2 0 42 878 262 177
p 2 0 73 847 2617 244
p 2 0 75 845 373 211
p 2 0 68 852 2716 241
p 2 0 75 845 333 207
p 2 0 72 848 2557 242
p 2 0 76 844 342 211
p 2 0 93 827 2772 267
p 2 0 96 824 334 220
p 2 0 143 777 2617 294
p 2 0 116 804 351 237
p 2 0 91 829 2795 265
p 2 0 72 848 321 204
p 2 0 90 830 2593 259
p 2 0 93 827 331 220
p 2 0 82 838 2738 258
p 2 0 66 854 305 200
p 2 0 77 843 2536 248
p 2 0 95 825 323 221
p 2 0 88 832 2766 262
p 2 0 130 790 381 246
p 2 0 88 832 2565 257
p 2 0 85 835 327 216
p 2 0 77 843 2730 251
p 2 0 63 857 314 198
p 2 0 84 836 2543 254
p 2 0 70 850 279 202
p 2 0 76 844 2714 250
p 2 0 118 802 351 239
p 2 0 74 846 2595 245
p 2 0 71 849 308 205
p 2 0 109 811 2761 273
p 2 0 53 867 266 188
p 2 0 113 807 2574 273
p 2 0 78 842 308 210
p 2 0 72 848 2711 249
p 2 0 69 851 281 199
p 2 0 74 846 2552 242
p 2 0 54 866 263 187
p 2 0 65 855 2708 240
p 2 0 57 863 270 189
p 2 0 115 805 2631 278
p 2 0 76 844 289 202
p 2 0 96 824 2727 265
p 2 0 63 857 291 196
p 2 0 33 887 215 167
p 2 16 259 645 22091 789
p 2 0 186 734 787 327
p 2 0 100 820 368 228
p 2 0 80 840 315 210
p 2 26 297 597 20565 889
p 2 0 288 632 969 424
p 2 0 119 801 392 256
p 2 0 164 756 445 289
p 2 16 293 611 22957 909
p 2 0 286 634 973 427
p 2 0 137 783 494 273
p 2 0 184 736 485 301
p 2 0 140 780 466 270
p 2 0 118 802 356 239
p 2 0 91 829 362 224
p 2 0 154 766 383 263
p 2 0 108 812 340 230
p 2 0 89 831 341 217
p 2 0 90 830 310 215
p 2 0 44 876 251 177
p 2 0 72 848 280 199
p 2 0 98 822 275 219
p 2 0 44 876 222 175
p 2 0 74 846 260 200
p 2 0 65 855 256 194
p 2 0 76 844 264 202
p 2 0 60 860 249 190
p 2 0 27 893 190 161
p 2 0 53 867 252 186
p 2 0 52 868 222 184
p 2 0 59 861 237 188
p 2 0 123 797 305 235
p 2 0 53 867 234 184
p 2 0 99 821 251 210
p 2 0 58 862 226 184
p 2 0 57 863 244 188
p 2 0 71 849 232 195
p 2 0 47 873 238 179
p 2 0 51 869 214 182
p 2 0 60 860 208 182
p 2 0 38 882 226 172
p 2 0 76 844 232 198
p 2 0 66 854 212 186
p 2 0 40 880 216 174
p 2 0 60 860 204 181
p 2 0 22 898 179 157
p 2 0 30 890 206 165
p 2 0 108 812 245 218
p 2 0 77 843 232 197
p 2 0 37 883 212 171
p 2 0 46 874 203 176
p 2 0 105 815 285 224
p 2 0 102 818 291 227
i 2 920 0 0 2596 2596
p 2 0 0 920 137 137
p 2 0 0 920 137 137
p 2 0 0 920 137 137
p 2 0 0 920 137 137
p 2 0 0 920 137 137
p 2 0 0 920 137 137
p 2 0 0 920 137 137
p 2 0 0 920 137 137
p 2 0 0 920 137 137
p 2 0 0 920 137 137
p 2 0 0 920 137 137
p 2 0 0 920 137 137
p 2 0 0 920 137 137
p 2 0 0 920 137 137
p 2 0 0 920 137 137
p 2 0 0 920 137 137
p 2 0 0 920 137 137
p 2 0 0 920 137 137
p 2 0 0 920 137 137
p 2 0 0 920 137 137
p 2 0 0 920 137 137
p 2 0 0 920 137 137
p 2 0 0 920 137 137
